
slima@DESKTOP-85QK8O9 MINGW64 ~/OneDrive/Área de Trabalho/aquieduca/exercicio-pratico-17.09 (main)
$ git add frase.txt
fatal: pathspec 'frase.txt' did not match any files

slima@DESKTOP-85QK8O9 MINGW64 ~/OneDrive/Área de Trabalho/aquieduca/exercicio-pratico-17.09 (main)
$ git add frase.txt.txt

slima@DESKTOP-85QK8O9 MINGW64 ~/OneDrive/Área de Trabalho/aquieduca/exercicio-pratico-17.09 (main)
$ git status
On branch main
Your branch is up to date with 'origin/main'.

Changes to be committed:
  (use "git restore --staged <file>..." to unstage)
        new file:   frase.txt.txt

Untracked files:
  (use "git add <file>..." to include in what will be committed)
        cor.txt.txt
        fruta.txt.txt


slima@DESKTOP-85QK8O9 MINGW64 ~/OneDrive/Área de Trabalho/aquieduca/exercicio-pratico-17.09 (main)
$ git status
On branch main
Your branch is up to date with 'origin/main'.

Changes to be committed:
  (use "git restore --staged <file>..." to unstage)
        new file:   frase.txt.txt

Untracked files:
  (use "git add <file>..." to include in what will be committed)
        cor.txt.txt
        fruta.txt.txt


slima@DESKTOP-85QK8O9 MINGW64 ~/OneDrive/Área de Trabalho/aquieduca/exercicio-pratico-17.09 (main)
$ git add .

slima@DESKTOP-85QK8O9 MINGW64 ~/OneDrive/Área de Trabalho/aquieduca/exercicio-pratico-17.09 (main)
$ git status
On branch main
Your branch is up to date with 'origin/main'.

Changes to be committed:
  (use "git restore --staged <file>..." to unstage)
        new file:   cor.txt.txt
        new file:   frase.txt.txt
        new file:   fruta.txt.txt


slima@DESKTOP-85QK8O9 MINGW64 ~/OneDrive/Área de Trabalho/aquieduca/exercicio-pratico-17.09 (main)
$ git commit -m "inclusao de arquivos cor, fruta e frase"
Author identity unknown

*** Please tell me who you are.

Run

  git config --global user.email "you@example.com"
  git config --global user.name "Your Name"

to set your account's default identity.
Omit --global to set the identity only in this repository.

fatal: unable to auto-detect email address (got 'slima@DESKTOP-85QK8O9.(none)')

slima@DESKTOP-85QK8O9 MINGW64 ~/OneDrive/Área de Trabalho/aquieduca/exercicio-pratico-17.09 (main)
$ ^C

slima@DESKTOP-85QK8O9 MINGW64 ~/OneDrive/Área de Trabalho/aquieduca/exercicio-pratico-17.09 (main)
$ git config --global user-email "brunaalimas@gmail.com"
error: key does not contain a section: user-email

slima@DESKTOP-85QK8O9 MINGW64 ~/OneDrive/Área de Trabalho/aquieduca/exercicio-pratico-17.09 (main)
$  git config --global user.email "you@example.com"

slima@DESKTOP-85QK8O9 MINGW64 ~/OneDrive/Área de Trabalho/aquieduca/exercicio-pratico-17.09 (main)
$  git config --global user.email "you@example.com"

slima@DESKTOP-85QK8O9 MINGW64 ~/OneDrive/Área de Trabalho/aquieduca/exercicio-pratico-17.09 (main)
$ git config --global user.email "brunaalimas@gmail.com"

slima@DESKTOP-85QK8O9 MINGW64 ~/OneDrive/Área de Trabalho/aquieduca/exercicio-pratico-17.09 (main)
$ git config --global user.name "Bruna Lima"

slima@DESKTOP-85QK8O9 MINGW64 ~/OneDrive/Área de Trabalho/aquieduca/exercicio-pratico-17.09 (main)
$ git commit -m "inclusao de arquivos cor fruta frase"
[main 736e359] inclusao de arquivos cor fruta frase
 3 files changed, 7 insertions(+)
 create mode 100644 cor.txt.txt
 create mode 100644 frase.txt.txt
 create mode 100644 fruta.txt.txt

slima@DESKTOP-85QK8O9 MINGW64 ~/OneDrive/Área de Trabalho/aquieduca/exercicio-pratico-17.09 (main)
$
